// Jest Snapshot v1, https://goo.gl/fbAQLP

exports[`app-snapshot-test 1`] = `
<div
  className="grid"
>
  <div
    className="grid-title"
  >
    <img
      height="40"
      src="./heatMailLogo.png"
      width="40"
    />
    <p
      className="vertical-center"
    >
      heatMail
    </p>
  </div>
  <div
    className="grid-text"
  >
    <div
      className="explanation-text-wrapper"
    >
      <div
        className="you-are-title"
      >
        You feel 
        <img
          alt="thought bubble"
          className="thought-bubble-img"
          height="80"
          src="./bubble.png"
          width="110"
        />
      </div>
      <div
        className="explanation-text"
      >
        That message ignites an emotional surge  
        <br />
         that 
        <i>
          needs
        </i>
         an outlet - but DON'T 
        <span>
           
          <a
            href="http://localhost:3600/doNotReply"
          >
            <button
              className="reply-graphic"
              title="do NOT reply"
            >
              REPLY
            </button>
          </a>
        </span>
        <span
          className="explanation-text-last"
        >
          <br />
           Instead, send an 
          <strong>
            anon
          </strong>
           note to a random.
        </span>
      </div>
    </div>
  </div>
  <div
    className="grid-signup"
  >
    <div>
      <p
        className="receive-text"
      >
        ...
        <i>
          receive
        </i>
         anonymous email:
      </p>
      <form>
        <input
          className="email-signup"
          onChange={[Function]}
          placeholder="your email address"
          required={true}
          type="text"
        />
        <br />
        <button
          className="signup-button"
          id="signup"
          onClick={[Function]}
          type="button"
        >
          Sign Up
        </button>
      </form>
      <div>
        <br />
        <br />
      </div>
      <div
        className="signup-tally"
      >
        0
         signed up to receive heatMail.
      </div>
    </div>
  </div>
  <div
    className="grid-body"
  >
    <div>
      <input
        className="subject"
        id="subject"
        onChange={[Function]}
        placeholder="I feel _______"
        type="text"
      />
      <br />
      <textarea
        className="body"
        cols="69"
        id="body"
        onChange={[Function]}
        placeholder="because..."
        rows="11"
        type="text"
      />
      <br />
    </div>
  </div>
  <div
    className="grid-buttons"
  >
    <button
      className="button-preview"
      onClick={[Function]}
      type="button"
    >
      Preview
    </button>
    <div
      className="preview-button"
    >
      <input
        defaultChecked={true}
        id="preview"
        name="preview"
        onChange={[Function]}
        type="checkbox"
      />
      <label
        htmlFor="preview"
      >
          preview before sending email
      </label>
    </div>
  </div>
  <div />
</div>
`;
